
> @law-firm-os/desktop@0.1.17 test:smoke
> node --test test/*.test.mjs

✔ auth coordinator starts PKCE login without exposing verifier or tokens (1.513792ms)
✔ auth coordinator stores token material in secure store and returns session status only (0.820584ms)
✔ auth coordinator rejects state mismatch and clears session on logout (0.443042ms)
✔ auth coordinator signs into AWS runtime account without exposing operator material (0.233292ms)
✔ encrypted file secure store persists session token without plaintext token material (1.377209ms)
✔ auth coordinator restores a persisted session through runtime verification (0.168167ms)
✔ auth coordinator persists and restores tokenless desktop sessions through account validation (0.170083ms)
✔ auth coordinator drops persisted session when runtime verification fails (0.082292ms)
✔ runtime config loads AWS execute-api URL and operator credential from local env shape (1.047167ms)
✔ runtime config ignores partial stale desktop auth override when a production runtime pair is present (36.740667ms)
✔ runtime config keeps loopback desktop runtime override for local API even when a production pair is present (4.436375ms)
✔ runtime config keeps a complete desktop auth override from app bundle ancestors (0.530583ms)
✔ runtime config falls back to production auth URL without operator credential (0.236416ms)
✔ runtime client keeps bearer credential in main-process fetch and returns sanitized account data (0.372584ms)
✔ runtime client supports password reset and password login without operator credential (0.890125ms)
✔ runtime client maps loopback local API logins to local-dev credentials in main process (0.165458ms)
✔ runtime client uses desktop auth endpoints when operator credential is configured (0.199084ms)
✔ runtime client wraps reset confirm transport and non-json failures without secret material (0.32375ms)
✔ runtime client preserves 403 deny responses for general-account smoke checks (0.166042ms)
✔ runtime client proxies signed desktop read API calls without exposing session material (0.298292ms)
✔ runtime client read API bridge blocks writes and auth routes (0.394917ms)
✔ desktop runtime permits only the exact Search preference mutation route (0.4895ms)
✔ desktop runtime permits the explicit HRX leave mutations and signed step-up exchange (0.859125ms)
✔ desktop runtime permits only the explicit HRX payroll mutations (3.897875ms)
✔ runtime client permits only authenticated Matter profile and stakeholder writes (0.309958ms)
✔ WT-02-09 desktop runtime permits only the explicit Worktree write routes (0.247083ms)
✔ desktop runtime blocks dot-segment paths before URL normalization (0.054375ms)
✔ runtime client never substitutes the desktop operator credential for a missing signed session (0.0495ms)
✔ runtime response guard rejects secret-bearing payloads (0.222875ms)
✔ disabled runtime client reports missing config without secret material (0.087542ms)
✔ dot env parser keeps comments out of runtime values (0.098375ms)
✔ deep links deny action execution hosts (1.039041ms)
✔ deep links deny action execution query parameters on allowed routes (0.336583ms)
✔ opening a valid matter route rechecks backend permission and records open audit (1.675708ms)
✔ opening a denied document route records denied audit and does not open (0.185417ms)
✔ opening auth callback records audit without workspace permission precheck (0.101459ms)
✔ opening password reset confirm records audit without workspace permission precheck (0.094166ms)
✔ parser accepts matter document task and auth callback route intents (2.233875ms)
✔ parser validates scheme route type identifier shape and unknown parameters (0.449917ms)
✔ matter deep link rechecks permission before screen entry (1.326292ms)
✔ matter deep link enters denied view when permission fails (0.129542ms)
✔ file bridge suite keeps contract actions and audit map aligned (10.076625ms)
✔ file bridge suite script includes happy denied no silent scan and cache wipe coverage (1.459708ms)
✔ file picker is blocked without a user gesture (0.978875ms)
✔ file picker opens only after a scoped gesture token (0.903875ms)
✔ preload file bridge exposes only allowlisted trusted gesture command (5.28675ms)
✔ renderer byte policy blocks file bytes and keeps only allowlisted bridge fields (0.426584ms)
✔ save-document-as fetches bytes in main process before writing user-selected path (1.659916ms)
✔ save-document-as rejects renderer-supplied bytes before precheck dialog or write (0.316625ms)
✔ save-document-as denied precheck does not open save dialog or write default path (0.110042ms)
✔ save-document-as cancelled dialog does not write default path silently (0.078792ms)
✔ choose-file-for-upload returns backend metadata only after permission precheck and user selection (1.654333ms)
✔ choose-file-for-upload denied precheck does not open picker or return metadata (0.25825ms)
✔ choose-file-for-upload rejects renderer-supplied bytes before precheck or picker (0.142625ms)
✔ notification click passes only route intent through deep-link parser (1.09125ms)
✔ notification click rejects action execution route through parser (0.275917ms)
✔ origin policy allows only approved dev and packaged renderer origins (0.655708ms)
✔ origin policy throws on unapproved renderer URLs (0.18925ms)
✔ navigation guards deny unapproved navigations and window opens (65.844ms)
✔ packaged renderer presents user-facing connection login and feature checks (13.166958ms)
✔ desktop handoff keeps privileged leave scopes beyond the former 24-item cutoff (2.493584ms)
✔ desktop web renderer uses restrained SaaS motion tokens (2.711791ms)
✔ desktop runtime staging is identical by channel and excludes local data from formal packages (39.842958ms)
✔ session status omits token bodies while secure store retains main-process material (1.724958ms)
✔ logout clears secure store and registered cache stores (0.696458ms)
✔ preload session API source does not expose token storage APIs (2.515791ms)
✔ session IPC exposes account login and smoke without renderer token material (2.1905ms)
✔ session IPC preserves login lockout state without signing the renderer in (0.19625ms)
✔ session IPC rejects an untrusted sender before coordinator access (0.458708ms)
✔ desktop shell starts with packaged renderer target, preload, and hardened options (1.795917ms)
✔ desktop startup cannot select the retired offline login renderers (0.246167ms)
✔ packaged desktop resolves only its bundled API server (0.710416ms)
✔ development desktop retains the repo-local API server fallback (0.127708ms)
✔ desktop local API maps runtime stores under the durable LawFirmOS home (0.263667ms)
✔ desktop local API preserves explicit store overrides (0.09575ms)
✔ desktop userData can be isolated for packaged QA runs (0.098209ms)
✔ desktop local API defaults off for formal packages and remains opt-in for isolated QA (0.092708ms)
✔ desktop uses volatile session storage for loopback local API to avoid Keychain prompts (0.15375ms)
✔ desktop local API starts bundled API with durable LawFirmOS stores (0.228333ms)
✔ packaged desktop fails closed when its bundled local API runtime is missing (0.330625ms)
✔ desktop shell hands password reset deep link intent to renderer without exposing it in return value (0.393666ms)
✔ desktop deep link helpers ignore non-reset routes and collect matter argv URLs (0.194916ms)
✔ desktop shell can still target the approved local dev renderer when explicitly requested (0.091625ms)
✔ packaged desktop cannot target or trust the development renderer (0.076833ms)
✔ desktop app configures the macOS Dock icon from the packaged application icon (0.055167ms)
✔ desktop app registers matter deep links with the OS protocol handler (0.051083ms)
✔ macOS app bundle uses matter.icns instead of inherited Electron icon metadata (0.613375ms)
✔ desktop shell blocks unapproved renderer target and remote navigation (1.051292ms)
✔ desktop main entrypoint detection tolerates filesystem paths with spaces (0.20975ms)
✔ desktop auto-starts in packaged Electron browser process (0.038958ms)
✔ startup surfaces embed the existing AMIC Law logo and SUITE Regular (0.943042ms)
✔ offline renderer uses bundled Pretendard and SUITE at regular weight (12.392209ms)
✔ splash closes only after main renderer ready (0.229334ms)
✔ splash shows bounded fallback on startup timeout (0.166417ms)
✔ splash shows fallback on renderer load failure (0.113833ms)
✔ temp preview files are scoped and time bounded (1.789416ms)
✔ temp preview denied precheck does not create scoped file (0.266125ms)
✔ temp preview cache is removed on logout tenant switch and app quit (0.176833ms)
✔ temp preview rejects renderer-supplied bytes before permission precheck creates a file (0.150584ms)
✔ signed update applies only after signature check (1.860459ms)
✔ signed rollback returns to last verified internal version (0.66675ms)
✔ public update channel is disabled (0.109125ms)
ℹ tests 102
ℹ suites 0
ℹ pass 102
ℹ fail 0
ℹ cancelled 0
ℹ skipped 0
ℹ todo 0
ℹ duration_ms 251.294708
