✔ desktop file renderer can route Matter API calls through handoff query fallback (57.658708ms)
✔ desktop denied state hides matter row counts, snippets, citations, and metadata (2.755708ms)
✔ WP-FIN-5 finance access uses explicit session scopes without inferring staff access (0.760041ms)
✔ WP-FIN-5 finance access keeps scope-less local previews compatible (0.068166ms)
✔ forest shell fits 1280x700 (155.616959ms)
✔ forest shell fits 1280x700 mode exception (126.0195ms)
✔ forest shell fits 1180x700 (125.50775ms)
✔ forest shell fits 1180x700 mode exception (124.883125ms)
✔ forest shell fits 1024x700 (124.837958ms)
✔ forest shell fits 1024x700 mode exception (139.411041ms)
✔ forest shell fits 820x700 (127.501583ms)
✔ forest shell fits 820x700 mode exception (124.455625ms)
✔ People leave navigation wraps without clipping at 720px (137.031ms)
✔ People leave navigation wraps without clipping at 480px (148.619875ms)
✔ global density tokens match the People directory reference (1.10375ms)
✔ shared surfaces consume the density tokens (0.621458ms)
✔ late screen rules resolve to the shared density contract (9.230834ms)
✔ responsive density changes spacing without viewport-scaled type (0.865333ms)
✔ R1 WP-2 restores legacy request route context into Home request tab and filter (486.334417ms)
✔ R1 WP-2 renders dedicated Home utility screens from legacy route context (1042.013833ms)
✔ WP-FIN-1 resolves finance and Matter settlement routes into Home (2521.782709ms)
✔ WP-FIN-1 preserves Matter context and sidebar state in the browser (983.2035ms)
✔ grouped sidebars render children in collapsible sidebar accordions (7670.839333ms)
✔ attendance workspace records only clock-in and clock-out times (1005.23225ms)
✔ mixed Korean and English record text uses regular Pretendard and SUITE (1541.451583ms)
✔ WP-FIN-3 renders reconciled Home finance views and keeps filters in the URL (1000.616084ms)
✔ WP-FIN-4 runs the shared Matter finance workflow from Home (1316.552ms)
✔ WP-FIN-5 exposes only scoped finance navigation and hides accounting export (1397.831292ms)
✔ R1 WP-4 gates Home company status to admin sessions (688.536375ms)
✔ R1 WP-3 opens Home message threads and decreases unread counts at runtime (943.072625ms)
✔ R1 WP-5 renders widget rules and client-delayed undo at runtime (1352.653666ms)
✔ Matter work management groups board tabs and integrates external schedules (2258.527083ms)
✔ dashboard bodies render the requested Home, Matter, and Client work areas without KPI counts (5153.3795ms)
✔ search history keeps a failed source distinct from a genuinely empty source (917.451917ms)
✔ Client prospect card preserves readable sources when one source is denied (885.003708ms)
✔ Home dashboard keeps independent cards available when monthly finance is denied (863.226042ms)
✔ Home dashboard preserves a source error without hiding independent cards (879.56925ms)
✔ R1 WP-6 renders notification dot from action inbox counts and i18n labels at runtime (1562.362667ms)
✔ R1 WP-7 keeps approval counts aligned across the dashboard card, sidebar, topbar, and dedicated views (2303.799083ms)
✔ R1 WP-7 emits Home first-action and deep-link telemetry at runtime (936.022083ms)
✔ R1 WP-8 opens profile as a standalone shell and normalizes Home fallback sections (1768.275875ms)
✔ profile keeps the main-process signed-in identity when its profile API read fails (922.002708ms)
✔ profile never lets a generic API fallback replace the signed-in display name (919.923375ms)
✔ HRX member roster fails closed when runtime read fails (148.597583ms)
✔ home greeting uses authenticated profile fields without a bundled roster (182.248208ms)
✔ desktop web login uses the main-process session bridge without storing renderer token material (38.289375ms)
✔ desktop URL handoff keeps every product tenant reference canonical (40.227459ms)
✔ home read probes recover error reads before system status (152.605958ms)
✔ LCX-FULL approval decisions require human owner receipt fields (0.799459ms)
✔ LCX-FULL provider receipts fail closed when missing expired sandbox or wrong-scope (0.594792ms)
✔ LCX-FULL provider receipt projection exposes no secrets (0.101041ms)
✔ LCX-FULL run lifecycle blocks execute until approval provider and explicit synthetic execute are present (0.176125ms)
✔ contract draft and signer validation reach request-ready without sending (1.689042ms)
✔ billing, payment, tax invoice requests stay provider gated and non-mutating (0.559417ms)
✔ matter comms draft validates recipients and never performs external send (0.239625ms)
✔ global decision packets stay owner-blocked without permanent promotion (0.977833ms)
✔ audit-required actions need reason and actor but do not execute (0.095792ms)
✔ receipt reconciliation flags missing and stale records without raw export (0.626083ms)
✔ LCX-FULL guarded state copy keeps Korean operating labels concrete (0.649541ms)
✔ LCX-FULL guarded components render write-disabled evidence attributes (2.9485ms)
✔ LCX-FULL Matter import stages source hides raw rows and rejects disallowed fields (1.258833ms)
✔ LCX-FULL Client import dry-run executes only as owner-approved synthetic run (0.49525ms)
✔ LCX-FULL import rollback report stays safe (0.115042ms)
✔ LCX-FULL Client Data enrichment is consent and provider gated with review-only identity candidates (0.509416ms)
✔ people setup derives readiness from catalog and configures selected rows (0.991625ms)
✔ people governance keeps approval, permission, field policy, and connected app guarded (1.080166ms)
✔ people integrations are request-ready only and never send/payroll-disburse (0.1615ms)
✔ LCX-FULL state model declares all shared projections without enabling writes (1.460791ms)
✔ LCX-FULL readiness transitions reject skipped approval provider and preflight states (0.104875ms)
✔ LCX-FULL redaction removes provider URLs tokens raw rows and storage paths (0.156834ms)
✔ LCX-FULL synthetic readiness fixtures stay safe for UI projection (0.096917ms)
✔ LV-04 exposes automatic accrual and keeps manual adjustment inside usage (158.891167ms)
✔ LV-04 mounts API-backed Forest accrual screens without generic placeholders (2.005042ms)
✔ LV-07 mounts receipt-backed integration status in the existing usage screen (2.989708ms)
✔ LV-06 hides annual leave promotion from staff and shows it only with the granular scope (147.951458ms)
✔ LV-06 mounts the API-backed campaign surface and keeps deadlines separate from evidence timestamps (1.170583ms)
✔ LV-05 keeps usage visible to self-service and termination hidden without its granular scope (140.34025ms)
✔ LV-05 mounts API-backed reporting and termination surfaces without placeholders (1.973167ms)
✔ LV-03 separates signed self service from scoped manager approval navigation (146.126834ms)
✔ LV-03 mounts self, team, approval, reschedule, and delegation surfaces without employee impersonation controls (1.253334ms)
✔ LV-02 exposes leave policy settings only to signed principals with policy read scope (151.533125ms)
✔ LV-02 mounts an API-backed Forest settings screen and denies direct non-HR routes (1.084375ms)
✔ WT-01-01 Matter board consumes the shared practice-area classifier (2.375125ms)
﹣ Matter profile renders the right contract for every Matter Code family (0.603708ms) # SKIP
✔ Matter detail surface mounts the type-specific profile panel and stakeholder references (0.675042ms)
✔ Matter-Vault UI hardening exposes breadcrumb, badges, table, detail, and accessible nav labels (2.14975ms)
✔ WT-03-02 models loading, data, empty, denied, error, and conflict states (20.475375ms)
✔ WT-04-05 prepares and traverses 300 Worktree nodes within the 1.5 second render budget (5.964875ms)
ℹ 300 nodes: p50=0.08ms p95=0.18ms max=0.60ms
✔ only the latest Matter selection may commit after out-of-order responses (0.102417ms)
✔ a mutation response cannot commit after the user selects another Matter (0.065333ms)
✔ new Worktree siblings append after the highest active sort order when gaps exist (0.147958ms)
✔ Matter board tabs reuse the Worktree practice-control typography (0.836917ms)
✔ WT-03-01 registers one Worktree route in the required work-management order (0.832041ms)
✔ WT-03-03 keeps the Worktree top-menu style as the Matter board style source (0.55275ms)
✔ WT-03-04 preserves practice area and Matter Code selection in URL state (0.062708ms)
✔ WT-03-05 renders a collapsible root, branch, and Task tree with connectors (0.090917ms)
✔ WT-03-06 completes Tasks and requires confirmation plus reason to reopen (0.055417ms)
✔ WT-03-07 exposes progress, blocked, and overdue with text and semantics (0.049958ms)
✔ WT-03-08 renders the selected Task detail panel (0.057458ms)
✔ WT-03-09 provides expand, collapse, search, and fit tools (0.508625ms)
✔ WT-03-10 switches to an outline without page overflow at 1024px (1.257666ms)
✔ WT-03-11 supports tree keyboard navigation and visible focus (0.121667ms)
✔ WT-03-12 distinguishes denied, network error, and conflict recovery (0.064709ms)
✔ WT-03-02 exposes Worktree read and mutation clients plus six explicit UI states (0.464375ms)
✔ Worktree exposes approved template application and structure editing controls (0.048333ms)
✔ Worktree node creation sends every required model field (0.081667ms)
✔ tablet and mobile product navigation keep every axis visible without a hidden horizontal continuation (0.4425ms)
✔ PY-UI-001/002 replaces the export placeholder with the persisted payroll workspace (3.873625ms)
✔ PY-UI-003/004 keeps employee detail source-bound and compact (0.550458ms)
✔ PY-DOC-001/003/004 exposes one compact statement workspace for generate, export, delivery, and self download (0.79925ms)
✔ People roster maps API contacts and preserves the missing-contact state (157.809083ms)
✔ Search preference transforms normalize, deduplicate, and preserve canonical order (132.539666ms)
✔ Search preference transforms support clear and delete without browser storage (50.998334ms)
✔ product typography uses bundled Pretendard and SUITE without mono or macOS fallbacks (7.210666ms)
✔ compact record rows keep low-value metadata on the primary line across product surfaces (3.072458ms)
✔ post-login product UI shows Home, Client, Matter, People, Search, and Portal (148.313458ms)
✔ Search workspace keeps vault compatibility while adding dashboard, grouped navigation, and topbar handoff (53.039333ms)
✔ context sidebar uses English People title and vertically centers every menu row (0.567959ms)
✔ Stage 1 IA redirects old global utility URLs into stable product axes (0.848375ms)
✔ WP-FIN-1 registers the Home finance group and context-preserving legacy routes (0.74375ms)
✔ WP-FIN-3 mounts server-reconciled finance views with guarded states and responsive filters (1.341333ms)
✔ table and selectable-list headers use the light gray header tokens (1.828958ms)
✔ WP-FIN-4 reuses the Matter charge panel for Home finance operations (1.036542ms)
✔ Forest startup branding excludes retired Matter and Petra assets (1.049ms)
✔ desktop post-login route skips repeated logo splash before five-axis contextual shell (14.513084ms)
✔ six photographic product heroes stay unique while Vault is renamed to Search (1.219459ms)
✔ Home dashboard Stage 4 keeps action counts on the single Home inbox source (0.818542ms)
✔ topbar utilities open right drawers with global dim and stacked alerts (4.246208ms)
✔ Stage 5 utility drawers keep the sidebar context unchanged until explicit Home view-all (0.632834ms)
✔ Stage 6 mode exception routes keep topbar and provide a return-to-work anchor (1.046ms)
✔ Stage 7 Home IA accessibility keeps tabs, dates, and navigation state named (0.641208ms)
✔ avatar profile opens a standalone personal profile surface without becoming a product axis (2.2695ms)
✔ login surfaces keep credentials bounded and desktop supports password setup (1.379709ms)
✔ command center groups all backend coverage into four product axes (0.43875ms)
✔ Client Matter People Vault surfaces stay API-backed and fail closed (28.810708ms)
✔ secondary runtime capabilities are represented by four-axis coverage, with C13 Portal mounted as a product route (0.463792ms)
✔ canonical product source contains no local dummy dataset markers (3.284875ms)
✔ product source does not carry KPI cards, pill chips, or known sample UI data (12.135625ms)
✔ product tables do not render raw ids or dummy KPI values (1.168458ms)
✔ product UI copy does not expose developer-facing implementation wording (15.696084ms)
✔ HRX audit UI preserves server-owned step-up and no local fallback (0.450542ms)
✔ HRX lifecycle board stays API-backed from People runtime (0.408834ms)
✔ HRX risk dashboard runs legal-five scan through HRX APIs (0.469167ms)
✔ Forest operational UI keeps panel metadata inline and omits redundant helper copy (9.25575ms)
ℹ tests 144
ℹ suites 0
ℹ pass 143
ℹ fail 0
ℹ cancelled 0
ℹ skipped 1
ℹ todo 0
ℹ duration_ms 47681.115958
