✔ Matter-Vault hardening keeps opening idempotent and projection safe (2.517041ms)
✔ Matter-Vault hardening blocks held exports and permissionless search/AI (0.196333ms)
✔ Matter-Vault portal projection remains projection-only (0.070625ms)
✔ Matter-Vault hardening keeps opening idempotent and projection safe (2.73375ms)
✔ Matter-Vault hardening blocks held exports and permissionless search/AI (0.206209ms)
✔ Matter-Vault portal projection remains projection-only (0.074917ms)
✔ Matter-Vault hardening keeps opening idempotent and projection safe (2.618041ms)
✔ Matter-Vault hardening blocks held exports and permissionless search/AI (0.195958ms)
✔ Matter-Vault portal projection remains projection-only (0.069167ms)
✔ Matter-Vault hardening keeps opening idempotent and projection safe (2.605583ms)
✔ Matter-Vault hardening blocks held exports and permissionless search/AI (0.203625ms)
✔ Matter-Vault portal projection remains projection-only (0.071042ms)
✔ Matter-Vault hardening keeps opening idempotent and projection safe (2.618ms)
✔ Matter-Vault hardening blocks held exports and permissionless search/AI (0.197375ms)
✔ Matter-Vault portal projection remains projection-only (0.068375ms)
✔ Matter-Vault hardening keeps opening idempotent and projection safe (2.504584ms)
✔ Matter-Vault hardening blocks held exports and permissionless search/AI (0.205458ms)
✔ Matter-Vault portal projection remains projection-only (0.071958ms)
✔ Matter-Vault hardening keeps opening idempotent and projection safe (2.565917ms)
✔ Matter-Vault hardening blocks held exports and permissionless search/AI (0.19575ms)
✔ Matter-Vault portal projection remains projection-only (0.069541ms)
✔ Matter-Vault hardening keeps opening idempotent and projection safe (2.531ms)
✔ Matter-Vault hardening blocks held exports and permissionless search/AI (0.193167ms)
✔ Matter-Vault portal projection remains projection-only (0.067959ms)
✔ Matter-Vault hardening keeps opening idempotent and projection safe (2.510834ms)
✔ Matter-Vault hardening blocks held exports and permissionless search/AI (0.202209ms)
✔ Matter-Vault portal projection remains projection-only (0.068833ms)
✔ Matter-Vault hardening keeps opening idempotent and projection safe (2.482125ms)
✔ Matter-Vault hardening blocks held exports and permissionless search/AI (0.199ms)
✔ Matter-Vault portal projection remains projection-only (0.068375ms)
✔ Matter-Vault hardening keeps opening idempotent and projection safe (2.5945ms)
✔ Matter-Vault hardening blocks held exports and permissionless search/AI (0.200375ms)
✔ Matter-Vault portal projection remains projection-only (0.070292ms)
✔ Matter-Vault hardening keeps opening idempotent and projection safe (2.433166ms)
✔ Matter-Vault hardening blocks held exports and permissionless search/AI (0.188875ms)
✔ Matter-Vault portal projection remains projection-only (0.068792ms)
✔ Matter-Vault hardening keeps opening idempotent and projection safe (2.521209ms)
✔ Matter-Vault hardening blocks held exports and permissionless search/AI (0.189417ms)
✔ Matter-Vault portal projection remains projection-only (0.067375ms)
✔ Matter-Vault hardening keeps opening idempotent and projection safe (2.538583ms)
✔ Matter-Vault hardening blocks held exports and permissionless search/AI (0.192416ms)
✔ Matter-Vault portal projection remains projection-only (0.070625ms)
ℹ tests 42
ℹ suites 0
ℹ pass 42
ℹ fail 0
ℹ cancelled 0
ℹ skipped 0
ℹ todo 0
ℹ duration_ms 894.366584
