
> @law-firm-os/api@0.1.0 test
> node --test --test-concurrency=1 test/*.test.js test/hrx/*.test.js

✔ admin security operations disable login, reactivate accounts, and audit break-glass transitions (28.471375ms)
✔ admin security audit events persist to LAWOS_AUDIT_STORE_PATH across server restarts (23437.758542ms)
✔ G1 tenant and actor context fail closed and compose request context (1.135916ms)
✔ G1 audit middleware, correlation, and safe error envelopes do not leak counts (0.112166ms)
✔ G1 permission simulator stays read-only while evaluating runtime permission (0.140208ms)
✔ G1 audit export and verify helpers use tenant-scoped API shapes (0.094167ms)
✔ G1 secret guard blocks secret-shaped payloads before evidence export (0.216542ms)
✔ G10 Portal/Data Room API health descriptor exposes runtime write-ready without production claim (12021.1505ms)
✔ G10 portal reads are permission gated and metadata-only (11768.081792ms)
✔ G10 RFI response, secure link, and data room projection writes persist across restart (23617.287709ms)
✔ G10 external write APIs reject unsafe share boundaries (11761.110917ms)
✔ C13 external portal invite flow is one-time, auditable, and byte-safe (11801.321167ms)
✔ G11 UI readiness API health descriptor exposes runtime write-ready without production claim (11655.17775ms)
✔ G11 UI readiness reads return 48 TUW checks and remain permission gated (11615.577416ms)
✔ G11 UI writes persist readiness checks, critical paths, adjudication, and audit across restart (24341.785542ms)
✔ G11 UI write APIs reject non-runtime-backed checks (11594.182166ms)
✔ G12 Enterprise readiness API health descriptor exposes owner-decision readiness without production claim (11613.635834ms)
✔ G12 Enterprise readiness reads return 28 controls and remain permission gated (11606.084958ms)
✔ G12 Enterprise writes persist release and go/no-go evidence across restart (23313.069792ms)
✔ G12 Enterprise write APIs reject premature go and production-ready claims (11607.606792ms)
✔ G2 party permission trimming omits unauthorized parties without count leak (0.956916ms)
✔ G2 Party API contract reads repository runtime without descriptor marker (11662.097167ms)
✔ G4 Matter API health descriptor exposes matter-core runtime without production-ready claim (11721.329167ms)
✔ G4 Matter current clients and matter codes rehydrate from an empty durable store (11727.72375ms)
✔ G4 Matter list is repository-backed, permission-trimmed, and count-leak safe (11520.046792ms)
✔ G4 Matter auth gate fails closed and ignores forged permission-context headers (11510.100542ms)
✔ G4 Matter opening write persists, audits, and replays idempotently across restarts (14967.279958ms)
✔ G4 Matter team write requires employee-backed staffing and records audit (12151.690042ms)
✔ G4 Matter team write blocks onboarding employees until HRX security tasks are complete (3222.619834ms)
✔ G4 Matter adverse party registration is idempotent and visible on detail (11725.77125ms)
✔ G4 Matter generic owner change is employee backed, audited, idempotent, and persisted (14837.978375ms)
✔ G4 Matter inline field patch is allowlisted, audited, idempotent, and persisted (15203.896792ms)
✔ G4 Matter recently viewed is viewer scoped, audited, and persisted (15004.112625ms)
✔ G4 Matter saved list views are owner scoped, audited, and persisted (14738.150791ms)
✔ G4 Matter bulk status transition is permission gated, audited, and persisted (14774.327917ms)
✔ G4 Matter status transition is idempotent, audited, and persisted (14800.896084ms)
✔ G5 Vault API health descriptor exposes vault-dms runtime without production-ready claim (12004.492458ms)
✔ G5 Vault document list is permission gated and never leaks raw storage fields (11650.043542ms)
✔ G5 Vault foreign tenant list reaches permission gate and appends deny audit (11551.372542ms)
✔ G5 Vault upload persists metadata, replays idempotently, and survives restart (23364.341459ms)
✔ UPL-A-11 Vault accepts multipart file upload and preserves download hash after restart (23294.691958ms)
✔ UPL-B-16 Vault stores invoice PDF bytes and downloads hash-identical content (11586.995209ms)
✔ G5 Vault sensitive reads write durable allow audits without leaking payloads (23228.042583ms)
✔ G5 Vault search and audit stay safe-source and tenant scoped (11530.652042ms)
✔ UPL-E-01 Vault search hits uploaded body text and ignores forged ACL headers (11692.623792ms)
✔ UPL-E-02 Vault OCR search indexes scanned PDF sidecar text without claiming OCR runtime execution (11698.796459ms)
✔ G6 CRM/Intake API health descriptor exposes runtime write-ready without production claim (11615.285084ms)
✔ G6 CRM list is permission gated and omits Matter shortcut fields (11611.018125ms)
✔ G6 Client planned sections expose activity proposal and settings routes with guarded writes (11988.298958ms)
✔ G6 CRM Account and Contact read facades are permission gated and safe-source (12794.37275ms)
✔ G6 CRM duplicate review uses Master Data candidates without automatic merge (12719.470041ms)
✔ G6 W01R Account and Contact canonical writes plus duplicate merge proposal gates execution (23956.992042ms)
✔ G6 CRM Account create is route-backed, audited, idempotent, and safe-source (23231.096375ms)
✔ G6 CRM Contact create is route-backed, duplicate-reviewed, audited, idempotent, and safe-source (23688.612917ms)
✔ G6 opportunity create blocks direct Matter and handoff persists Intake across restart (23315.964584ms)
✔ G6 conflict check, clearance token, and audit routes stay safe and tenant scoped (3822.594333ms)
✔ G7 Finance API health descriptor exposes runtime write-ready without production claim (11688.914959ms)
✔ G7 Finance list routes are permission gated and hide finance secrets (11728.956917ms)
✔ WP-FIN-5 signed staff sessions cannot read finance data and denial is audited (11765.9125ms)
✔ WP-FIN-2 exposes sanitized Payment and PaymentMatch read routes (11687.983667ms)
✔ G7 Finance sensitive reads write durable allow audits without leaking payload metadata (25015.57275ms)
✔ G7 Finance write routes persist time/payment state across restart (23165.926666ms)
✔ G7 Finance WIP and AR aging routes stay safe-source (11705.759167ms)
✔ G7 fee arrangement API drives fixed-fee billing calculation through invoice (11557.057459ms)
✔ G7 fee arrangement API drives success-fee and retainer billing branches through invoice (11584.208125ms)
✔ G7 trust ledger API drives deposit drawdown refund balance report (11704.096708ms)
✔ G7 approval expense disbursement and WIP lock routes feed WIP sources (11676.344541ms)
✔ G7 accounting CSV export filters period and balances journal rows (11690.981167ms)
✔ G8 Analytics API health descriptor exposes runtime write-ready without production claim (11884.11875ms)
✔ G8 dashboard API is permission gated and omits raw matter detail (11901.993917ms)
✔ WP-FIN-2 finance read APIs reconcile overview, monthly, clients, and unlinked amounts (11573.912833ms)
✔ WP-FIN-2 finance read APIs fail closed without count leakage (23564.776292ms)
✔ WP-FIN-5 finance analytics require an explicit signed-session scope and audit denial (12485.931959ms)
✔ G8 dashboard refresh derives metrics from live finance repository writes (11708.920416ms)
✔ G8 analytics metric routes reject caller-supplied source payloads (11611.613209ms)
✔ G8 client profitability returns different aggregates for different client groups (11774.903333ms)
✔ G8 KPI routes create realization and utilization dashboard projections (11836.908458ms)
✔ G8 refresh and profitability writes persist across restart (24330.526709ms)
✔ G8 report audit collection route is not shadowed by report definition route (11509.484625ms)
✔ G8 export control requires permission and never exposes credential material (11421.156ms)
✔ G9 AI API health descriptor exposes runtime write-ready without production claim (11780.529625ms)
✔ G9 review queue is permission gated and count-leak safe (11841.408ms)
✔ G9 retrieval API enforces permission-before-AI and omits raw payloads (12551.512583ms)
✔ G9 output write creates human review task and persists audit across restart (23364.033708ms)
✔ G9 export API requires inherited privilege, ACL, and share-boundary checks (12712.343833ms)
✔ HRX tenant context fails closed when missing (0.580959ms)
✔ HRX actor context fails closed when missing (0.068791ms)
✔ HRX request context binds tenant and actor (0.478958ms)
✔ Home dashboard API descriptor exposes Stage 3 contract without production-ready claim (11708.811875ms)
✔ Home action inbox returns safe counts, O-04 inline actions, audit, and usage events (11498.197125ms)
✔ Home action decisions are permission gated, idempotent, and limited to O-04 inline approvals (11311.68475ms)
✔ Home agenda and Vault-tag newsletter feed return sanitized contract shapes (11487.946458ms)
✔ Home dashboard aggregates HRX, Matter, AI, agenda, notice, and Vault newsletter sources without seed data (12501.591584ms)
✔ Home dashboard source aggregation returns partial success when one runtime source fails (11685.156458ms)
✔ Home news feed isolates RSS source failures, link-outs only, and caches source results (11697.787583ms)
✔ Home dashboard API rejects unsigned access before permission context is trusted (12283.317458ms)
✔ HRX API audit helper appends route audit event (1.2945ms)
✔ HRX API audit helper fails closed without context (0.203167ms)
✔ HRX API write state and audit evidence survive durable runtime restart (24232.352333ms)
✔ HRX observability span removes sensitive payload attributes (0.526875ms)
✔ HRX API metrics emit route latency and error counts without sensitive fields (0.233083ms)
✔ HRX operation metrics cover service and audit latency (0.499375ms)
✔ HRX member roster source of truth preserves the registered AMIC and PETRA roster (19.985167ms)
✔ HRX member roster projects explicitly configured contact data without committing private values (0.084125ms)
✔ GET /api/hrx/employees returns synthetic API-backed employee rows (4.13ms)
✔ GET PATCH /api/hrx/org-chart wires organization units and reporting lines from EmploymentProfile (5.525ms)
✔ durable HRX seed reconciles stale Matter Vault account seed rows to the member roster source of truth (24649.864833ms)
✔ GET /api/hrx/employees/:id returns profile with compensation masked (3.463458ms)
✔ GET /api/hrx/compensation requires step-up and returns masked ref-only records for self and elevated readers (11.731625ms)
✔ POST PATCH /api/hrx/employees registers employees and enforces the 6-state lifecycle (10.602416ms)
✔ employee registration and status survive HRX API server restart (24776.954083ms)
✔ HRX self-service reads are bound to EmployeeUserLink ownership (8.657125ms)
✔ GET POST revoke /api/hrx/employee-user-links manages audited login mappings (7.6975ms)
✔ GET POST correct /api/hrx/attendance records time and monthly effective summary (10.232375ms)
✔ attendance records survive HRX API server restart (23341.397334ms)
✔ GET POST approve /api/hrx/overtime detects unapproved excess and weekly 52-hour risks (28.800167ms)
✔ POST GET transition /api/hrx/risks runs daily legal-risk scan and state machine (9.452708ms)
✔ GET /api/hrx/documents returns metadata source refs only (0.410708ms)
✔ POST sign expire /api/hrx/documents wires employment contract lifecycle and 30-day expiry (21.919667ms)
✔ GET and POST /api/hrx/leave use leave request workflow state (4.930667ms)
✔ GET and POST /api/hrx/approvals resolves manager queue and records audit (7.799166ms)
✔ GET /api/hrx/candidate/portal returns candidate-scoped application and metadata only (0.346041ms)
✔ GET and POST recruiting pipeline updates application stage through API (2.598542ms)
✔ POST recruiting CRUD creates a new pipeline and converts it to employee source of truth (31.379625ms)
✔ GET and POST lifecycle routes update onboarding and offboarding through API (6.780584ms)
✔ GET and POST /api/hrx/policies manages policy versions through API (1.895459ms)
✔ GET /api/hrx/audit remains tenant scoped (0.711791ms)
✔ POST /api/hrx/payroll creates preview, approval and export artifact without payment execution (5.547541ms)
✔ GET /api/hrx/analytics returns aggregate People metrics without row-level detail (3.358292ms)
✔ HRX step-up allows non-sensitive actions without MFA token (0.524875ms)
✔ HRX step-up challenges compensation evaluation payroll audit and final AI actions (0.059ms)
✔ HRX step-up accepts fresh matching MFA token and throws when required (0.187708ms)
✔ HRX step-up context parses signed header and rejects unsigned tokens (1.3635ms)
✔ HRX step-up rejects signed tokens with the wrong sensitive purpose (0.062958ms)
✔ POST /api/hrx/ai/assistant returns cited advisory answer for allowed sources (28.770417ms)
✔ POST /api/hrx/ai/assistant enforces signed-session AI scope and bounds denied RAG sources (6.436417ms)
✔ POST /api/hrx/ai/assistant routes blocked final people decisions to review queue (3.508667ms)
✔ GET /api/hrx/analytics returns tenant-scoped aggregate read model (2.725542ms)
✔ HRX compensation records expose only masked hashes after signed step-up (34.770292ms)
✔ HRX documents route stores source_ref metadata without body (1.632333ms)
✔ HRX documents route rejects document body leakage (0.12375ms)
✔ HRX documents route rejects unverified source refs (0.0865ms)
✔ HRX documents route signs and expires employment contracts without storing bodies (1.059292ms)
✔ HRX runtime repository write survives store reopen (22.914666ms)
✔ HRX recruiting and lifecycle writes survive runtime reopen (21.379666ms)
✔ HRX employees route POST GET PATCH persists and audits (1.682209ms)
✔ HRX employees route maps authz deny to safe 403 (0.089208ms)
✔ HRX employee user-link route creates lists and revokes audited login mappings (0.736875ms)
✔ GOV-003 defines employee, manager, HR, payroll preparer, approver and auditor profiles (1.038667ms)
✔ GOV-003 route decisions keep leave administration and payroll duties separated (1.520583ms)
✔ GOV-003 covers every leave, payroll and audit route with at least one allow and one deny (0.213875ms)
✔ GOV-003 maps live LawOS profiles to the canonical matrix without staff privilege escalation (0.078416ms)
✔ LV-04 accrual routes use granular HR scopes and step-up actions (1.417209ms)
✔ LV-OCC-005 API returns an example-free, versioned leave occurrence CSV template (22.182958ms)
✔ RC-005-B API versions and deactivates accrual rules behind step-up (11.244125ms)
✔ RC-005-C XLSX uploads use the same durable preview batch (13.236375ms)
✔ LV-OCC-006 API previews every upload row without writing a partial batch (11.061208ms)
✔ LV-OCC-007 API executes a matching approved upload once and returns row receipts (11.948459ms)
✔ LV-BATCH-006 batch API blocks self service and preserves preview, execute, detail, and retry receipts (16.685958ms)
✔ LV-04 API previews, executes once, and rejects stale source snapshots (11.745875ms)
✔ LV-04 manual adjustment API preserves row errors and requires another authorized HR (10.271417ms)
✔ LV-OCC-003 API creates only future scheduled occurrences and keeps them out of active balance (13.859666ms)
✔ LV-LIFE-006 route policies separate lifecycle reads from expiration execution (1.191292ms)
✔ LV-LIFE-006 lists only authorized rows with lifecycle filters and opaque pagination (28.357167ms)
✔ LV-LIFE-006 exposes direct reports to a manager, tenant rows to HR, and hides unauthorized detail (12.704917ms)
✔ LV-LIFE-006 previews and executes expiration once with HR scope and fresh step-up (12.574584ms)
✔ LV-OCC-004A patches and cancels scheduled occurrences and adjusts active ones through the API (12.880833ms)
✔ LV-07 integration routes use report-read and policy-write scopes (1.449417ms)
✔ LV-07 API projects an approved leave to four receipt-backed boundaries (32.510083ms)
✔ LV-07 integration status and counts fail closed for staff (10.151125ms)
✔ LV-INT-005 API requeues one open dead letter without exposing event payloads (12.668041ms)
✔ signed /me workflow ignores forged employee ids, reserves balance, and exposes only assigned manager approval (38.097625ms)
✔ granular leave routes bind self, team approval, and delegation scopes (0.632083ms)
✔ delegation API exposes eligible registered approvers and rejects unknown recipients (11.404375ms)
✔ leave policy API creates tenant-scoped group, type, and published policy configuration (13.759375ms)
✔ leave policy API normalizes, versions, reads, and freezes leave type economics (4.921542ms)
✔ leave policy routes require granular policy scopes and active type lookup uses self read (0.838458ms)
✔ LV-06 route policies bind every campaign and recipient command to promotion scope (1.238375ms)
✔ LV-06 API creates reproducible targets and separates first response from second delivery evidence (31.24ms)
✔ LV-06 API denies staff without leaking campaign or recipient counts (10.639417ms)
✔ LV-PROM-004 API batches notices, records provider receipts, and revokes dependent view evidence (19.836458ms)
✔ LV-05 route policies bind read, export, snapshot, and termination to granular scopes (1.523083ms)
✔ LV-05 API filters ledger rows before counts and exports the same totals without private fields (24.771458ms)
✔ LV-OCC-001 and LV-OCC-002 APIs expose scoped occurrence rows and matching projections (14.801125ms)
✔ LV-OCC-008 API exports the filtered occurrence views and denies self-only access (11.613042ms)
✔ LV-05 termination API scopes candidates, rejects missing step-up, and leaves payroll outbox pending (12.322375ms)
✔ staff leave compatibility grants self service without privileged operations (0.497959ms)
✔ manager leave compatibility adds team approval but not HR operations (0.299208ms)
✔ HR and admin profiles explicitly carry privileged leave operations (0.08425ms)
✔ leave route submits and approves a request with audit and balance ledger entries (1.850291ms)
✔ leave route audits rejection and blocks terminal re-approval (0.276583ms)
✔ leave route blocks self approval and insufficient balance without ledger debits (0.211375ms)
✔ leave route evaluates policy negative-balance limits before approval ledger debit (0.330541ms)
✔ leave route cancels only submitted requests (0.151375ms)
✔ GET /api/hrx/legal-people/search returns unified legal People directory rows (24.947ms)
✔ GET /api/hrx/legal-people/search fails closed for UI denied context (1.033167ms)
✔ GET /api/hrx/legal-people/search ignores forged review context under signed session (2.345042ms)
✔ GET /api/hrx/legal-people/:person_id fails closed without detail payload for UI denied context (2.525208ms)
✔ GET /api/hrx/legal-people/:person_id returns permission-aware detail payload (4.329375ms)
✔ GET /api/hrx/legal-people/relationships supports Matter pivot with redaction (1.967167ms)
✔ GET /api/hrx/legal-people/matter-graph/traverse returns matter-people-document graph traversal (4.756542ms)
✔ GET /api/hrx/legal-people/ethics returns review queue, wall evidence, and reviewer receipt boundary (2.922125ms)
✔ legal People route authz fails before runtime when legal People scope is absent (1.338ms)
✔ lifecycle route manages onboarding plan and task updates with audit (1.897083ms)
✔ lifecycle route creates and closes offboarding only after checks clear (0.283875ms)
✔ RC-005-A resolves the payroll catalog, profile, and approved-time policies with least privilege (1.940417ms)
✔ RC-005-F exposes tenant-scoped catalog and masked profile assignments through the canonical runtime (14.275708ms)
✔ RC-005-F records immutable attendance approval receipts for the canonical run snapshot (4.04975ms)
✔ PY-UI-001/002 runtime API lists, snapshots, previews, approves, and closes the persisted payroll run (17.990625ms)
✔ PY-UI-005 keeps preparer self-approval blocked at the runtime API (4.391792ms)
✔ PY-DOC/BANK/TAX runtime API generates, delivers, exports, pays, and files only through receipt-gated synthetic adapters (15.185708ms)
✔ payroll route creates export preview with human review and no calculation runtime (1.915792ms)
✔ payroll route blocks calculation and disbursement fields (0.142542ms)
✔ HRX API baseline performance smoke stays under local p95 threshold (26.006375ms)
✔ recruiting route creates consented candidate and updates application/offer workflow (1.587375ms)
✔ recruiting route records interview feedback source and converts candidate with approval (0.410375ms)
✔ HRX route policy map resolves implemented server routes and denies unknown routes (26.461625ms)
✔ HRX authz middleware fails closed without trusted tenant actor context (0.377542ms)
✔ HRX API denies route access before runtime when scope is missing (3.116917ms)
✔ HRX compensation route requires compensation read scope before step-up runtime (1.921458ms)
✔ HRX attendance write route requires attendance write scope before runtime (1.986792ms)
✔ HRX document lifecycle write routes require document write scope before runtime (6.623209ms)
✔ HRX overtime write route requires overtime write scope before runtime (1.557709ms)
✔ HRX risk scan and transition routes require risk write scope before runtime (2.773125ms)
✔ HRX API allows scoped trusted context and rejects unmapped HRX routes (2.909875ms)
✔ HRX employees read route ignores forged permission-context deny and review decisions (1.180209ms)
✔ HRX document attendance and leave read routes ignore forged permission-context deny and review decisions (5.28875ms)
✔ HRX API rejects query tenant actor context before runtime (0.415792ms)
✔ HRX employee user-link write route requires write scope before runtime (1.461833ms)
✔ HRX employee registration and status update routes require write scope before runtime (4.002333ms)
✔ HRX legal People route requires legal People read scope before runtime (1.293792ms)
✔ HRX lifecycle write route requires lifecycle write scope before runtime (1.56425ms)
✔ HRX payroll export route requires payroll export scope before runtime (1.550417ms)
✔ HRX payroll runtime routes enforce preview and approval scopes before runtime (5.257875ms)
✔ HRX payroll statement, payment, and filing routes enforce separated scopes (10.7335ms)
✔ HRX API responses omit secret and raw sensitive payload fields (27.888625ms)
✔ HRX security regression fails closed on missing tenant actor context (26.065542ms)
✔ HRX security regression denies missing scope before runtime (2.743667ms)
✔ HRX security regression blocks query-supplied tenant actor context (0.814292ms)
✔ HRX security regression requires step-up for audit route (2.123084ms)
✔ HRX security regression denies unmapped HRX routes (1.102625ms)
✔ HRX audit route requires fresh step-up context after authz allows scope (29.245416ms)
✔ HRX audit route rejects unsigned or mismatched step-up tokens (3.701208ms)
✔ HRX audit route rejects a stale signed step-up token (1.766125ms)
✔ leave accrual and ledger mutations require matching signed step-up purposes (14.482584ms)
✔ payroll catalog requires a matching signed payroll step-up token (3.298583ms)
✔ tenant isolation keeps trusted tenant-b from seeing tenant-a fixture rows (30.609959ms)
✔ tenant isolation fails closed when tenant actor context is supplied by query (0.835667ms)
✔ PR-08 leave and payroll workflow transitions write audit events (2.294167ms)
✔ PR-09 recruiting and lifecycle workflow transitions write audit events (0.672292ms)
✔ Lambda bootstrap fetches LAWOS_API_SESSION_SECRET from Secrets Manager secret id (2.252709ms)
✔ Lambda password reset email delivery signs SESv2 without returning token material (1.609209ms)
✔ Lambda password reset email delivery remains unconfigured without an approved mail surface (0.045959ms)
✔ operational auth stays available when the HRX store is unreadable (11695.904917ms)
✔ operational auth stays available when the finance store is unreadable (12105.716083ms)
✔ I14 read-only EFS snapshot direct invoke returns only hash/count evidence (9.600917ms)
✔ I14 read-only EFS snapshot surface is not reachable as an HTTP event (0.111708ms)
✔ I26 DB connection proof surface is direct-invoke only and approval gated (0.108833ms)
✔ I18 S1-G authenticated production probe restores credential store and returns only safe evidence (11728.463541ms)
✔ I18 S1-G authenticated production probe verifies the current reporting lines (12347.380083ms)
✔ I18 S1-G authenticated production probe surface is direct-invoke only (0.146917ms)
✔ approved HRX roster reconciliation creates the current members and reporting lines with backup-safe evidence (12.107708ms)
✔ HRX roster reconciliation surface is direct-invoke only and approval gated (0.096625ms)
✔ LCX-AUTH reset recovery creates one target reset URL without setting a password (11650.241541ms)
✔ LCX-AUTH reset recovery surface rejects HTTP and missing approval (0.156708ms)
✔ GET /api/health returns the service descriptor without permission context (18.581125ms)
✔ desktop file-origin API calls receive CORS headers and preflight success (1.298959ms)
✔ API CORS allowlist permits approved desktop dev origin and ignores arbitrary origins (1.083917ms)
✔ records happy path returns tenant-scoped AMIC items with matter-core enrichment (3.892833ms)
✔ ClientGroup records include current AMIC client names without legacy archive rows (3.405167ms)
✔ records model_type filter and cursor pagination are deterministic (4.149959ms)
✔ records empty state: zero matches yields ui_state empty per UI-state catalog (1.939375ms)
✔ missing signed session fails closed before permission evaluation (0.451916ms)
✔ malformed permission context header is ignored when signed session is present (2.666833ms)
✔ forged permission context without matching allow rule cannot override signed session (2.891709ms)
✔ forged cross-tenant principal cannot override signed session (3.391333ms)
✔ forged review_required rule cannot downgrade signed session (2.843833ms)
✔ forged approval_required rule cannot downgrade signed session (2.29875ms)
✔ error taxonomy: tenant, permission_ref, audit_hint_ref, filter, and validation codes (7.039042ms)
✔ relationship lookup happy path serves the synthetic relationship row (0.395834ms)
✔ client group resolution returns review_required badge for the synthetic group (0.545042ms)
✔ unknown client group resolves to empty state without existence leak (0.307291ms)
✔ hidden source fields never appear in serialized items (2.518708ms)
✔ unknown routes 404 and non-GET methods 405 with JSON bodies (0.535292ms)
✔ Master Data API reads repository state after durable runtime restart (22978.610792ms)
✔ Matter profile API persists, authorizes, and returns each type-specific profile without raw contact values (10.307583ms)
✔ temporary desktop runtime health exposes AWS no-domain synthetic boundary (1.01575ms)
✔ configured SESv2 reset delivery sends registered reset mail without returning token material (3.259833ms)
✔ temporary desktop runtime requires operator bearer token for runtime routes (0.0755ms)
✔ temporary desktop runtime requires password reset before ledger account login (0.139792ms)
✔ temporary desktop runtime completes reset email, password setup, and password login (64.145333ms)
✔ password reset email open page bridges browser clicks to the desktop app link (0.178667ms)
✔ temporary desktop runtime accepts unknown reset requests without account disclosure (0.097167ms)
✔ temporary desktop runtime bounds synthetic reset state for Secrets Manager (1.135959ms)
✔ temporary desktop runtime denies highest privilege feature for non-jwsuh accounts (0.095708ms)
✔ Vault bridge endpoints fail closed unless the bridge token is configured (11545.67825ms)
✔ Vault bridge rejects missing bridge headers and invalid canonical upsert payloads (11580.733625ms)
✔ Vault bridge stays blocked unless the approved code-only control window is explicit (23514.25825ms)
✔ Vault bridge rejects Authorization-only session or bearer tokens (11611.974416ms)
✔ Vault bridge upserts Matter app client and matter with idempotent replay (11966.152458ms)
✔ Vault bridge matter lookup is permission-scoped and rejects UUID-shaped normal input (11987.365125ms)
✔ Vault bridge upload preflight is guarded and returns reference-only permission check refs (13277.493917ms)
✔ Vault bridge rejects invalid dedicated header tokens (11766.036ms)
✔ Matter-Vault hardening keeps opening idempotent and projection safe (2.580041ms)
✔ Matter-Vault hardening blocks held exports and permissionless search/AI (0.194375ms)
✔ Matter-Vault portal projection remains projection-only (0.07175ms)
✔ Matter-Vault opening creates a Vault workspace, link, summary, document facade, and timeline safely (11869.7075ms)
✔ Matter-Vault persistence smoke uses durable file-backed repositories (0.736375ms)
✔ WT-02-01 returns the virtual root, scoped tree, unclassified tasks, and progress (2.751625ms)
✔ Worktree template picker lists only approved templates for the Matter practice area (0.539625ms)
✔ Worktree template picker hides legacy approved records signed by another approver (0.207459ms)
✔ WT-02-01 hides the Worktree and all counts from a non-member (0.162667ms)
✔ WT-02-01 rejects a cross-tenant request without disclosing existence (0.160417ms)
✔ WT-02-06 rejects forged actors before any Worktree write (1.27875ms)
✔ WT-02-06 requires the active member permission envelope to match the Matter (0.939958ms)
✔ WT-02-06 lets paralegals read and complete but never edit structure (1.349833ms)
✔ WT-02-06 returns count-safe 404 for cross-tenant read and write (0.147958ms)
✔ WT-02-02 creates one empty active Worktree and rejects a second active one (2.545917ms)
✔ WT-02-02 applies only an approved template and replays without duplicates (0.697208ms)
✔ WT-02-02 rejects a draft template without partial writes (0.151916ms)
✔ Worktree writes use a server timestamp instead of client-controlled occurred_at (0.16525ms)
✔ WT-02-03 creates branch and task nodes and increments Worktree versions (2.848459ms)
✔ WT-02-03 patches node title and order without creating a second node (0.379792ms)
✔ WT-02-03 rejects linking a Task from another Matter (0.160959ms)
✔ WT-02-04 rejects moving a branch below its descendant (0.35275ms)
✔ WT-02-04 rejects archiving a branch with active descendants and retains MatterTask (0.394458ms)
✔ WT-02-04 permits bottom-up archive after every descendant is archived (0.439375ms)
✔ WT-02-07 returns 409 and current version for stale node writes (0.223375ms)
✔ node creation rejects a stale expected Worktree version (0.148041ms)
✔ node structural writes require an explicit expected Worktree version (0.117375ms)
✔ WT-04-06 preserves completed and reopened MatterTask state across runtime-store restarts (115.251334ms)
✔ WT-02-05 completes an assigned Task once through its dedicated endpoint (2.534208ms)
✔ WT-02-05 requires a reason to reopen done Tasks (0.234417ms)
✔ WT-02-05 unblocks blocked Tasks only through a reasoned endpoint (0.184416ms)
✔ WT-02-05 hides Task state from a read-only Matter role (0.538583ms)
✔ WT-02-05 rejects a cross-Matter Task identifier without disclosure (0.095958ms)
✔ Outlook add-in routes file email, save attachments, create follow-up, and warn without blocking send (3300.499916ms)
✔ Profile API descriptor is exposed and keeps production claim false (11547.449917ms)
✔ Profile API returns session-derived safe profile read model (11475.743959ms)
✔ Profile resolver joins the signed account to its durable HRX employee (0.348625ms)
✔ Packaged public professional profile catalog exposes only the employee join and public profile (0.075958ms)
✔ Profile API rejects unsigned review and denied permission contexts (11709.961833ms)
✔ Auth descriptor exposes the Wave-1 API session surface (11690.181417ms)
✔ GET /api/auth/password-reset/open returns a browser bridge page without server-side token query (11702.553791ms)
✔ POST /api/auth/login issues a signed session token for the registered roster (11703.117584ms)
✔ Local-dev sessions use per-instance secrets and operational synthetic login is disabled (30.758959ms)
✔ Operational credential-store sessions verify across cold starts with credential revision checks (68.685958ms)
✔ Operational /api/auth/login uses credential store and rejects synthetic tokens on protected routes (11708.477584ms)
✔ Operational password reset uses email delivery, hash-only tokens, and one-time confirm (11930.388125ms)
✔ Operational password reset rejects production-disabled QA accounts (12971.765834ms)
✔ Operational password reset delivery failure does not force reset-required login lockout (23453.57925ms)
✔ Operational password reset delivery exception does not expose exception text (11606.114042ms)
✔ POST /api/auth/step-up issues signed HRX step-up tokens for signed sessions (12083.988ms)
✔ Server role registry maps the 10-person roster outside the login seed (11412.903666ms)
✔ Signed staff sessions can read only their own HRX records and cannot access payroll or audit (11387.184042ms)
✔ Auth rejects bad credentials, missing sessions, and expired signed tokens (11697.448833ms)
✔ Auth locks an account after repeated bad login attempts (11604.923375ms)
✔ Signed sessions override forged permission contexts and invalid bearer tokens fail closed (11567.043209ms)
✔ Unauthenticated business routes reject forged permission and HRX actor headers (11560.711459ms)
✔ SF-B-W02R health and field registries expose safe record action metadata (11712.619792ms)
✔ SF-B-W02R field update patches Matter safely and exposes record action audit (11833.144792ms)
✔ SF-B-W02R Client Account and Contact record actions are route backed (12538.223667ms)
✔ SF-B-W02R bulk updates are all-or-blocked and owner actions are route-backed blocked states (12508.039458ms)
✔ SF-B-W03R health exposes Matter activity calendar channel route descriptors (11581.520667ms)
✔ SF-B-W03R activity workspace creates, patches, replays, and feeds safe timeline (11706.732084ms)
✔ SF-B-W03R critical calendar changes are approval state first and confirm with dual control (11718.956792ms)
✔ SF-B-W03R channel messages are internal-only and external sync stays provider-blocked (11870.091291ms)
✔ SF-B-W04R health exposes document/email builder route descriptors (12655.727833ms)
✔ SF-B-W04R document templates and builder draft routes are safe and idempotent (12454.287167ms)
✔ SF-B-W04R approval and publish expose owner-blocked states without fake Vault publish (11814.657125ms)
✔ SF-B-W04R email drafts are internal draft-only and external send stays provider-blocked (11787.127125ms)
✔ SF-B-W05R health and target registry expose import/data mapping routes safely (11802.684125ms)
✔ SF-B-W05R creates and lists import jobs with safe metadata and idempotency (11656.00425ms)
✔ SF-B-W05R stages source, maps fields, previews, and dry-runs without raw row leakage (11824.447541ms)
✔ SF-B-W05R execute and rollback are route-backed owner/receipt blocked, not fake import success (11960.205584ms)
✔ SF-B-W06R health and permission set read routes are mounted and safe (11934.081ms)
✔ SF-B-W06R creates and patches permission-set metadata without silent access broadening (12125.469708ms)
✔ SF-B-W06R assignment and object manager routes expose owner-blocked effects (12971.418833ms)
✔ SF-B-W06R connected app routes are provider-blocked and audit-safe (12161.393875ms)
✔ SF-B-W07R health and provider routes are mounted and safe (13397.895042ms)
✔ SF-B-W07R provider registration and consent records are route-backed but blocked by required gates (11875.858333ms)
✔ SF-B-W07R enrichment job create and preview are safe while execute is provider-blocked (11856.175625ms)
✔ SF-B-W07R identity, unified profile, segment activation, and audit stay owner/provider gated (11853.476708ms)
✔ SF-B-W08R health descriptor exposes report builder and client profitability routes (11640.447917ms)
✔ SF-B-W08R report definition routes are mounted, allowlisted, idempotent, and safe (11336.843791ms)
✔ SF-B-W08R client profitability refresh/read and report run return bounded aggregate results (11558.103166ms)
✔ SF-B-W08R report sharing is owner-blocked and audit/denied envelopes stay safe (11742.248833ms)
✔ Search preferences persist by tenant and owner without result payloads or raw-query audit (3.572917ms)
✔ Vault search applies URL filter contract after permission trimming (0.814459ms)
ℹ tests 389
ℹ suites 0
ℹ pass 389
ℹ fail 0
ℹ cancelled 0
ℹ skipped 0
ℹ todo 0
ℹ duration_ms 2222842.843125
